// Vitest Snapshot v1, https://vitest.dev/guide/snapshot.html

exports[`UnitTableFilters > renders correctly 1`] = `
"<h3 class=\\"text-white text-lg font-bold mb-8\\">Filters</h3>
<div class=\\"flex items-center\\">
  <div class=\\"text-white text-md font-semibold mb-4 w-1/6\\">Ages</div>
  <div class=\\"text-white text-md font-semibold mb-4\\">Costs</div>
</div>
<div class=\\"flex items-baseline\\">
  <div class=\\"w-1/6\\">
    <div class=\\"z-10 inline-block\\"><button class=\\"justify-center w-full px-4 py-2 text-sm font-medium text-white bg-gray-900 border border-gray-600 rounded-md shadow-sm focus:outline-none focus:ring-2 focus:ring-offset-2 focus:ring-offset-gray-100 focus:ring-blue-500\\">Ages: All</button>
      <!--v-if-->
    </div>
  </div><span class=\\"flex items-center\\"><div class=\\"flex items-center\\"><div class=\\"flex items-center mr-1\\"><input type=\\"checkbox\\" class=\\"w-4 h-4 rounded focus:ring-blue-600 ring-offset-gray-800 focus:ring-2 bg-gray-700 border-gray-600\\" value=\\"false\\"><!--v-if--></div><label class=\\"text-sm font-medium text-white mr-2\\">Wood</label><input type=\\"range\\" min=\\"0\\" max=\\"200\\" disabled=\\"\\" class=\\"w-full h-2 rounded-lg appearance-none cursor-pointer bg-gray-700\\"></div><!--v-if--></span><span class=\\"flex items-center\\"><div class=\\"flex items-center\\"><div class=\\"flex items-center mr-1\\"><input type=\\"checkbox\\" class=\\"w-4 h-4 rounded focus:ring-blue-600 ring-offset-gray-800 focus:ring-2 bg-gray-700 border-gray-600\\" value=\\"false\\"><!--v-if--></div><label class=\\"text-sm font-medium text-white mr-2\\">Food</label><input type=\\"range\\" min=\\"0\\" max=\\"200\\" disabled=\\"\\" class=\\"w-full h-2 rounded-lg appearance-none cursor-pointer bg-gray-700\\"></div><!--v-if--></span><span class=\\"flex items-center\\"><div class=\\"flex items-center\\"><div class=\\"flex items-center mr-1\\"><input type=\\"checkbox\\" class=\\"w-4 h-4 rounded focus:ring-blue-600 ring-offset-gray-800 focus:ring-2 bg-gray-700 border-gray-600\\" value=\\"false\\"><!--v-if--></div><label class=\\"text-sm font-medium text-white mr-2\\">Gold</label><input type=\\"range\\" min=\\"0\\" max=\\"200\\" disabled=\\"\\" class=\\"w-full h-2 rounded-lg appearance-none cursor-pointer bg-gray-700\\"></div><!--v-if--></span>
</div>"
`;
